<?xml version="1.0" encoding="UTF-8"?>
<TestRun id="0dfefb68-dc38-444b-a4f7-65b204ef30dd" name="Administrator@WIN-20131204HOG 2014-09-18 14:28:44" runUser="WIN-20131204HOG\Administrator" xmlns="http://microsoft.com/schemas/VisualStudio/TeamTest/2010">
  <TestSettings name="本地" id="6aff75bc-993c-40aa-af18-fa6921fa7326">
    <Description>这些设置为本地测试运行的默认测试设置。</Description>
    <Deployment enabled="false" runDeploymentRoot="Administrator_WIN-20131204HOG 2014-09-18 14_28_44">
      <DeploymentItem filename="E:\Payne\ProjectEulerResolves\ProjectEulerResolves\Kang.Algorithm.BaseLib\bin\Debug\Kang.Algorithm.BaseLib.dll" />
    </Deployment>
    <Execution>
      <TestTypeSpecific />
      <AgentRule name="Execution Agents">
      </AgentRule>
    </Execution>
  </TestSettings>
  <Times creation="2014-09-18T14:28:44.5662962+08:00" queuing="2014-09-18T14:28:45.1663305+08:00" start="2014-09-18T14:28:45.2783369+08:00" finish="2014-09-18T14:29:17.4631778+08:00" />
  <ResultSummary outcome="Error">
    <Counters total="1" executed="1" error="0" failed="0" timeout="0" aborted="1" inconclusive="0" passedButRunAborted="0" notRunnable="0" notExecuted="0" disconnected="0" warning="0" passed="0" completed="0" inProgress="0" pending="0" />
    <RunInfos>
      <RunInfo computerName="WIN-20131204HOG" outcome="Error" timestamp="2014-09-18T14:29:17.4631778+08:00">
        <Text>测试宿主进程意外退出。</Text>
      </RunInfo>
    </RunInfos>
  </ResultSummary>
  <TestDefinitions>
    <UnitTest name="CheckPrimeTest" storage="e:\payne\projecteulerresolves\projecteulerresolves\test\bin\debug\test.dll" id="0887f7e4-12c3-e948-63f9-37d12c410490">
      <Execution id="71d9c35a-a42b-4d02-b1aa-53470d0f14c5" />
      <TestMethod codeBase="E:/Payne/ProjectEulerResolves/ProjectEulerResolves/Test/bin/Debug/Test.DLL" adapterTypeName="Microsoft.VisualStudio.TestTools.TestTypes.Unit.UnitTestAdapter, Microsoft.VisualStudio.QualityTools.Tips.UnitTest.Adapter, Version=10.0.0.0, Culture=neutral, PublicKeyToken=b03f5f7f11d50a3a" className="Test.PrimeGeneratorTest, Test, Version=1.0.0.0, Culture=neutral, PublicKeyToken=null" name="CheckPrimeTest" />
    </UnitTest>
  </TestDefinitions>
  <TestLists>
    <TestList name="列表中未列出的结果" id="8c84fa94-04c1-424b-9868-57a2d4851a1d" />
    <TestList name="所有已加载的结果" id="19431567-8539-422a-85d7-44ee4e166bda" />
  </TestLists>
  <TestEntries>
    <TestEntry testId="0887f7e4-12c3-e948-63f9-37d12c410490" executionId="71d9c35a-a42b-4d02-b1aa-53470d0f14c5" testListId="8c84fa94-04c1-424b-9868-57a2d4851a1d" />
  </TestEntries>
  <Results>
    <UnitTestResult executionId="71d9c35a-a42b-4d02-b1aa-53470d0f14c5" testId="0887f7e4-12c3-e948-63f9-37d12c410490" testName="CheckPrimeTest" computerName="WIN-20131204HOG" duration="00:00:32.0968358" startTime="2014-09-18T14:28:45.3663420+08:00" endTime="2014-09-18T14:29:17.4631778+08:00" testType="13cdc9d9-ddb5-4fa4-a97d-d965ccfc6d4b" outcome="Aborted" testListId="8c84fa94-04c1-424b-9868-57a2d4851a1d" relativeResultsDirectory="71d9c35a-a42b-4d02-b1aa-53470d0f14c5">
    </UnitTestResult>
  </Results>
</TestRun>